BL51 BANKED LINKER/LOCATER V6.22                                                        12/26/2016  01:08:45  PAGE 1


BL51 BANKED LINKER/LOCATER V6.22, INVOKED BY:
D:\PROGRAM FILES (X86)\KEIL\C51\BIN\BL51.EXE 74hc595_test.obj TO 74hc595_test


MEMORY MODEL: SMALL


INPUT MODULES INCLUDED:
  74hc595_test.obj (74HC595_TEST)
  D:\PROGRAM FILES (X86)\KEIL\C51\LIB\C51S.LIB (?C_STARTUP)


LINK MAP OF MODULE:  74hc595_test (74HC595_TEST)


            TYPE    BASE      LENGTH    RELOCATION   SEGMENT NAME
            -----------------------------------------------------

            * * * * * * *   D A T A   M E M O R Y   * * * * * * *
            REG     0000H     0008H     ABSOLUTE     "REG BANK 0"
            IDATA   0008H     0001H     UNIT         ?STACK

            * * * * * * *   C O D E   M E M O R Y   * * * * * * *
            CODE    0000H     0003H     ABSOLUTE     
            CODE    0003H     0028H     UNIT         ?PR?__74HC595SEND?74HC595_TEST
            CODE    002BH     0012H     UNIT         ?PR?MAIN?74HC595_TEST
            CODE    003DH     000EH     UNIT         ?PR?DELAY?74HC595_TEST
            CODE    004BH     000CH     UNIT         ?C_C51STARTUP
            CODE    0057H     0002H     UNIT         ?PR?DELAY_5US?74HC595_TEST



OVERLAY MAP OF MODULE:   74hc595_test (74HC595_TEST)


SEGMENT
  +--> CALLED SEGMENT
---------------------
?C_C51STARTUP
  +--> ?PR?MAIN?74HC595_TEST

?PR?MAIN?74HC595_TEST
  +--> ?PR?DELAY?74HC595_TEST
  +--> ?PR?__74HC595SEND?74HC595_TEST

?PR?__74HC595SEND?74HC595_TEST
  +--> ?PR?DELAY_5US?74HC595_TEST



SYMBOL TABLE OF MODULE:  74hc595_test (74HC595_TEST)

  VALUE           TYPE          NAME
  ----------------------------------

  -------         MODULE        74HC595_TEST
  C:0000H         SYMBOL        _ICE_DUMMY_
  D:0090H         PUBLIC        P1
BL51 BANKED LINKER/LOCATER V6.22                                                      12/26/2016  01:08:45  PAGE 2


  D:00B0H         PUBLIC        P3
  C:0003H         PUBLIC        __74HC595Send
  D:00A8H         PUBLIC        IE
  C:0057H         PUBLIC        delay_5us
  C:003DH         PUBLIC        delay
  D:00B8H         PUBLIC        IP
  C:002BH         PUBLIC        main
  D:0098H         PUBLIC        SCON
  D:0088H         PUBLIC        TCON
  B:0090H.4       PUBLIC        LATCH_CLOCK
  B:0090H.5       PUBLIC        SHIFT_CLOCK
  B:0090H.2       PUBLIC        SERIAL_INPUT_A
  D:00C8H         PUBLIC        T2CON
  D:00D0H         PUBLIC        PSW
  B:0090H.3       PUBLIC        OUTPUT_ENABLE
  -------         PROC          DELAY
  -------         DO            
  D:0006H         SYMBOL        i
  -------         ENDDO         
  C:003DH         LINE#         11
  C:003DH         LINE#         12
  C:003DH         LINE#         15
  C:004AH         LINE#         16
  -------         ENDPROC       DELAY
  -------         PROC          DELAY_5US
  C:0057H         LINE#         18
  C:0057H         LINE#         19
  C:0057H         LINE#         20
  C:0058H         LINE#         21
  -------         ENDPROC       DELAY_5US
  -------         PROC          __74HC595SEND
  D:0007H         SYMBOL        Data
  -------         DO            
  D:0002H         SYMBOL        i
  -------         ENDDO         
  C:0003H         LINE#         23
  C:0003H         LINE#         24
  C:0003H         LINE#         27
  C:0005H         LINE#         28
  C:0007H         LINE#         29
  C:0009H         LINE#         30
  C:000CH         LINE#         31
  C:000CH         LINE#         32
  C:000FH         LINE#         33
  C:0013H         LINE#         34
  C:0017H         LINE#         35
  C:0019H         LINE#         36
  C:001BH         LINE#         37
  C:0026H         LINE#         39
  C:0028H         LINE#         40
  C:002AH         LINE#         41
  -------         ENDPROC       __74HC595SEND
  -------         PROC          MAIN
  C:002BH         LINE#         43
  C:002BH         LINE#         44
  C:002BH         LINE#         45
  C:002BH         LINE#         46
BL51 BANKED LINKER/LOCATER V6.22                                                      12/26/2016  01:08:45  PAGE 3


  C:002BH         LINE#         47
  C:002EH         LINE#         48
  C:0033H         LINE#         49
  C:0036H         LINE#         50
  C:003BH         LINE#         51
  -------         ENDPROC       MAIN
  -------         ENDMOD        74HC595_TEST

Program Size: data=9.0 xdata=0 code=89
LINK/LOCATE RUN COMPLETE.  0 WARNING(S),  0 ERROR(S)
